2026-07-26 06:19:12,183 [INFO] Starting daily ingestion run
2026-07-26 06:19:17,119 [INFO] [1/16] what='SDE' where='Bangalore' -> 60 jobs collected
2026-07-26 06:19:21,706 [INFO] [2/16] what='SDE' where='Hyderabad' -> 60 jobs collected
2026-07-26 06:19:26,243 [INFO] [3/16] what='SDE' where='Pune' -> 44 jobs collected
2026-07-26 06:19:27,858 [INFO] [4/16] what='SDE' where='Delhi' page=2 -> no more results, stopping pagination
2026-07-26 06:19:27,859 [INFO] [4/16] what='SDE' where='Delhi' -> 18 jobs collected
2026-07-26 06:19:32,318 [INFO] [5/16] what='Data Scientist' where='Bangalore' -> 60 jobs collected
2026-07-26 06:19:36,692 [INFO] [6/16] what='Data Scientist' where='Hyderabad' -> 60 jobs collected
2026-07-26 06:19:41,048 [INFO] [7/16] what='Data Scientist' where='Pune' -> 60 jobs collected
2026-07-26 06:19:45,566 [INFO] [8/16] what='Data Scientist' where='Delhi' -> 60 jobs collected
2026-07-26 06:19:50,196 [INFO] [9/16] what='ML Engineer' where='Bangalore' -> 60 jobs collected
2026-07-26 06:19:54,635 [INFO] [10/16] what='ML Engineer' where='Hyderabad' -> 60 jobs collected
2026-07-26 06:19:59,231 [INFO] [11/16] what='ML Engineer' where='Pune' -> 60 jobs collected
2026-07-26 06:20:03,749 [INFO] [12/16] what='ML Engineer' where='Delhi' -> 53 jobs collected
2026-07-26 06:20:08,296 [INFO] [13/16] what='Data Analyst' where='Bangalore' -> 60 jobs collected
2026-07-26 06:20:13,247 [INFO] [14/16] what='Data Analyst' where='Hyderabad' -> 60 jobs collected
2026-07-26 06:20:17,835 [INFO] [15/16] what='Data Analyst' where='Pune' -> 60 jobs collected
2026-07-26 06:20:22,180 [INFO] [16/16] what='Data Analyst' where='Delhi' -> 51 jobs collected
2026-07-26 06:20:22,180 [INFO] RUN SUMMARY: 16 combos run, 0 returned 0 results, 0 failed outright, 886 total jobs collected
2026-07-26 06:20:22,211 [INFO] Raw API response stored successfully at: /home/runner/work/Automated-Job-Market-Intelligence-Pipeline/Automated-Job-Market-Intelligence-Pipeline/data/raw/daily_pull_20260726_062022.json
2026-07-26 06:20:22,211 [INFO] Ingestion run complete
