2026-08-20 04:04:32,550 [INFO] Starting daily ingestion run
2026-08-20 04:04:38,694 [INFO] [1/16] what='SDE' where='Bangalore' -> 60 jobs collected
2026-08-20 04:04:44,247 [INFO] [2/16] what='SDE' where='Hyderabad' -> 60 jobs collected
2026-08-20 04:04:48,278 [INFO] [3/16] what='SDE' where='Pune' page=3 -> no more results, stopping pagination
2026-08-20 04:04:48,278 [INFO] [3/16] what='SDE' where='Pune' -> 35 jobs collected
2026-08-20 04:04:50,368 [INFO] [4/16] what='SDE' where='Delhi' page=2 -> no more results, stopping pagination
2026-08-20 04:04:50,368 [INFO] [4/16] what='SDE' where='Delhi' -> 17 jobs collected
2026-08-20 04:04:55,182 [INFO] [5/16] what='Data Scientist' where='Bangalore' -> 60 jobs collected
2026-08-20 04:05:00,593 [INFO] [6/16] what='Data Scientist' where='Hyderabad' -> 60 jobs collected
2026-08-20 04:05:07,705 [INFO] [7/16] what='Data Scientist' where='Pune' -> 60 jobs collected
2026-08-20 04:05:13,626 [INFO] [8/16] what='Data Scientist' where='Delhi' -> 60 jobs collected
2026-08-20 04:05:19,798 [INFO] [9/16] what='ML Engineer' where='Bangalore' -> 60 jobs collected
2026-08-20 04:05:25,644 [INFO] [10/16] what='ML Engineer' where='Hyderabad' -> 60 jobs collected
2026-08-20 04:05:31,192 [INFO] [11/16] what='ML Engineer' where='Pune' -> 60 jobs collected
2026-08-20 04:05:35,229 [INFO] [12/16] what='ML Engineer' where='Delhi' page=3 -> no more results, stopping pagination
2026-08-20 04:05:35,229 [INFO] [12/16] what='ML Engineer' where='Delhi' -> 28 jobs collected
2026-08-20 04:05:40,520 [INFO] [13/16] what='Data Analyst' where='Bangalore' -> 60 jobs collected
2026-08-20 04:05:45,925 [INFO] [14/16] what='Data Analyst' where='Hyderabad' -> 60 jobs collected
2026-08-20 04:05:51,134 [INFO] [15/16] what='Data Analyst' where='Pune' -> 60 jobs collected
2026-08-20 04:05:56,288 [INFO] [16/16] what='Data Analyst' where='Delhi' -> 52 jobs collected
2026-08-20 04:05:56,288 [INFO] RUN SUMMARY: 16 combos run, 0 returned 0 results, 0 failed outright, 852 total jobs collected
2026-08-20 04:05:56,317 [INFO] Raw API response stored successfully at: /home/runner/work/Automated-Job-Market-Intelligence-Pipeline/Automated-Job-Market-Intelligence-Pipeline/data/raw/daily_pull_20260820_040556.json
2026-08-20 04:05:56,317 [INFO] Ingestion run complete
