2026-08-21 04:07:29,103 [INFO] Starting daily ingestion run
2026-08-21 04:07:33,691 [INFO] [1/16] what='SDE' where='Bangalore' -> 60 jobs collected
2026-08-21 04:07:38,703 [INFO] [2/16] what='SDE' where='Hyderabad' -> 60 jobs collected
2026-08-21 04:07:41,996 [INFO] [3/16] what='SDE' where='Pune' page=3 -> no more results, stopping pagination
2026-08-21 04:07:41,996 [INFO] [3/16] what='SDE' where='Pune' -> 34 jobs collected
2026-08-21 04:07:43,705 [INFO] [4/16] what='SDE' where='Delhi' page=2 -> no more results, stopping pagination
2026-08-21 04:07:43,706 [INFO] [4/16] what='SDE' where='Delhi' -> 17 jobs collected
2026-08-21 04:07:48,377 [INFO] [5/16] what='Data Scientist' where='Bangalore' -> 60 jobs collected
2026-08-21 04:07:52,943 [INFO] [6/16] what='Data Scientist' where='Hyderabad' -> 60 jobs collected
2026-08-21 04:07:57,983 [INFO] [7/16] what='Data Scientist' where='Pune' -> 60 jobs collected
2026-08-21 04:08:03,372 [INFO] [8/16] what='Data Scientist' where='Delhi' -> 60 jobs collected
2026-08-21 04:08:08,105 [INFO] [9/16] what='ML Engineer' where='Bangalore' -> 60 jobs collected
2026-08-21 04:08:13,016 [INFO] [10/16] what='ML Engineer' where='Hyderabad' -> 60 jobs collected
2026-08-21 04:08:17,867 [INFO] [11/16] what='ML Engineer' where='Pune' -> 60 jobs collected
2026-08-21 04:08:20,788 [INFO] [12/16] what='ML Engineer' where='Delhi' page=3 -> no more results, stopping pagination
2026-08-21 04:08:20,788 [INFO] [12/16] what='ML Engineer' where='Delhi' -> 28 jobs collected
2026-08-21 04:08:25,302 [INFO] [13/16] what='Data Analyst' where='Bangalore' -> 60 jobs collected
2026-08-21 04:08:29,957 [INFO] [14/16] what='Data Analyst' where='Hyderabad' -> 60 jobs collected
2026-08-21 04:08:34,725 [INFO] [15/16] what='Data Analyst' where='Pune' -> 60 jobs collected
2026-08-21 04:08:39,623 [INFO] [16/16] what='Data Analyst' where='Delhi' -> 57 jobs collected
2026-08-21 04:08:39,624 [INFO] RUN SUMMARY: 16 combos run, 0 returned 0 results, 0 failed outright, 856 total jobs collected
2026-08-21 04:08:39,654 [INFO] Raw API response stored successfully at: /home/runner/work/Automated-Job-Market-Intelligence-Pipeline/Automated-Job-Market-Intelligence-Pipeline/data/raw/daily_pull_20260821_040839.json
2026-08-21 04:08:39,654 [INFO] Ingestion run complete
