2026-08-05 06:04:44,289 [INFO] Starting daily ingestion run
2026-08-05 06:04:55,375 [INFO] [1/16] what='SDE' where='Bangalore' -> 60 jobs collected
2026-08-05 06:05:06,994 [INFO] [2/16] what='SDE' where='Hyderabad' -> 60 jobs collected
2026-08-05 06:05:14,258 [INFO] [3/16] what='SDE' where='Pune' page=3 -> no more results, stopping pagination
2026-08-05 06:05:14,259 [INFO] [3/16] what='SDE' where='Pune' -> 40 jobs collected
2026-08-05 06:05:20,011 [INFO] [4/16] what='SDE' where='Delhi' page=2 -> no more results, stopping pagination
2026-08-05 06:05:20,011 [INFO] [4/16] what='SDE' where='Delhi' -> 18 jobs collected
2026-08-05 06:05:32,913 [INFO] [5/16] what='Data Scientist' where='Bangalore' -> 60 jobs collected
2026-08-05 06:05:43,243 [INFO] [6/16] what='Data Scientist' where='Hyderabad' -> 60 jobs collected
2026-08-05 06:05:53,423 [INFO] [7/16] what='Data Scientist' where='Pune' -> 60 jobs collected
2026-08-05 06:06:04,933 [INFO] [8/16] what='Data Scientist' where='Delhi' -> 60 jobs collected
2026-08-05 06:06:16,727 [INFO] [9/16] what='ML Engineer' where='Bangalore' -> 60 jobs collected
2026-08-05 06:06:26,328 [INFO] [10/16] what='ML Engineer' where='Hyderabad' -> 60 jobs collected
2026-08-05 06:06:35,913 [INFO] [11/16] what='ML Engineer' where='Pune' -> 60 jobs collected
2026-08-05 06:06:42,512 [INFO] [12/16] what='ML Engineer' where='Delhi' page=3 -> no more results, stopping pagination
2026-08-05 06:06:42,513 [INFO] [12/16] what='ML Engineer' where='Delhi' -> 31 jobs collected
2026-08-05 06:06:50,155 [INFO] [13/16] what='Data Analyst' where='Bangalore' -> 60 jobs collected
2026-08-05 06:06:56,307 [INFO] [14/16] what='Data Analyst' where='Hyderabad' -> 60 jobs collected
2026-08-05 06:07:02,515 [INFO] [15/16] what='Data Analyst' where='Pune' -> 60 jobs collected
2026-08-05 06:07:08,439 [INFO] [16/16] what='Data Analyst' where='Delhi' -> 48 jobs collected
2026-08-05 06:07:08,440 [INFO] RUN SUMMARY: 16 combos run, 0 returned 0 results, 0 failed outright, 857 total jobs collected
2026-08-05 06:07:08,469 [INFO] Raw API response stored successfully at: /home/runner/work/Automated-Job-Market-Intelligence-Pipeline/Automated-Job-Market-Intelligence-Pipeline/data/raw/daily_pull_20260805_060708.json
2026-08-05 06:07:08,469 [INFO] Ingestion run complete
