2026-08-03 06:42:14,345 [INFO] Starting daily ingestion run
2026-08-03 06:42:18,951 [INFO] [1/16] what='SDE' where='Bangalore' -> 60 jobs collected
2026-08-03 06:42:23,499 [INFO] [2/16] what='SDE' where='Hyderabad' -> 60 jobs collected
2026-08-03 06:42:26,860 [INFO] [3/16] what='SDE' where='Pune' page=3 -> no more results, stopping pagination
2026-08-03 06:42:26,860 [INFO] [3/16] what='SDE' where='Pune' -> 39 jobs collected
2026-08-03 06:42:28,565 [INFO] [4/16] what='SDE' where='Delhi' page=2 -> no more results, stopping pagination
2026-08-03 06:42:28,565 [INFO] [4/16] what='SDE' where='Delhi' -> 18 jobs collected
2026-08-03 06:42:33,060 [INFO] [5/16] what='Data Scientist' where='Bangalore' -> 60 jobs collected
2026-08-03 06:42:37,728 [INFO] [6/16] what='Data Scientist' where='Hyderabad' -> 60 jobs collected
2026-08-03 06:42:42,295 [INFO] [7/16] what='Data Scientist' where='Pune' -> 60 jobs collected
2026-08-03 06:42:47,091 [INFO] [8/16] what='Data Scientist' where='Delhi' -> 60 jobs collected
2026-08-03 06:42:51,769 [INFO] [9/16] what='ML Engineer' where='Bangalore' -> 60 jobs collected
2026-08-03 06:42:56,292 [INFO] [10/16] what='ML Engineer' where='Hyderabad' -> 60 jobs collected
2026-08-03 06:43:00,971 [INFO] [11/16] what='ML Engineer' where='Pune' -> 60 jobs collected
2026-08-03 06:43:04,305 [INFO] [12/16] what='ML Engineer' where='Delhi' page=3 -> no more results, stopping pagination
2026-08-03 06:43:04,305 [INFO] [12/16] what='ML Engineer' where='Delhi' -> 30 jobs collected
2026-08-03 06:43:08,696 [INFO] [13/16] what='Data Analyst' where='Bangalore' -> 60 jobs collected
2026-08-03 06:43:13,565 [INFO] [14/16] what='Data Analyst' where='Hyderabad' -> 60 jobs collected
2026-08-03 06:43:18,262 [INFO] [15/16] what='Data Analyst' where='Pune' -> 60 jobs collected
2026-08-03 06:43:22,660 [INFO] [16/16] what='Data Analyst' where='Delhi' -> 43 jobs collected
2026-08-03 06:43:22,661 [INFO] RUN SUMMARY: 16 combos run, 0 returned 0 results, 0 failed outright, 850 total jobs collected
2026-08-03 06:43:22,689 [INFO] Raw API response stored successfully at: /home/runner/work/Automated-Job-Market-Intelligence-Pipeline/Automated-Job-Market-Intelligence-Pipeline/data/raw/daily_pull_20260803_064322.json
2026-08-03 06:43:22,690 [INFO] Ingestion run complete
