2026-07-30 06:04:11,363 [INFO] Starting daily ingestion run
2026-07-30 06:04:20,386 [INFO] [1/16] what='SDE' where='Bangalore' -> 60 jobs collected
2026-07-30 06:04:28,805 [INFO] [2/16] what='SDE' where='Hyderabad' -> 60 jobs collected
2026-07-30 06:04:35,708 [INFO] [3/16] what='SDE' where='Pune' -> 42 jobs collected
2026-07-30 06:04:38,820 [INFO] [4/16] what='SDE' where='Delhi' page=2 -> no more results, stopping pagination
2026-07-30 06:04:38,821 [INFO] [4/16] what='SDE' where='Delhi' -> 18 jobs collected
2026-07-30 06:04:44,816 [INFO] [5/16] what='Data Scientist' where='Bangalore' -> 60 jobs collected
2026-07-30 06:04:53,378 [INFO] [6/16] what='Data Scientist' where='Hyderabad' -> 60 jobs collected
2026-07-30 06:05:00,019 [INFO] [7/16] what='Data Scientist' where='Pune' -> 60 jobs collected
2026-07-30 06:05:10,205 [INFO] [8/16] what='Data Scientist' where='Delhi' -> 60 jobs collected
2026-07-30 06:05:19,052 [INFO] [9/16] what='ML Engineer' where='Bangalore' -> 60 jobs collected
2026-07-30 06:05:28,839 [INFO] [10/16] what='ML Engineer' where='Hyderabad' -> 60 jobs collected
2026-07-30 06:05:37,291 [INFO] [11/16] what='ML Engineer' where='Pune' -> 60 jobs collected
2026-07-30 06:05:45,913 [INFO] [12/16] what='ML Engineer' where='Delhi' -> 54 jobs collected
2026-07-30 06:05:53,566 [INFO] [13/16] what='Data Analyst' where='Bangalore' -> 60 jobs collected
2026-07-30 06:06:00,967 [INFO] [14/16] what='Data Analyst' where='Hyderabad' -> 60 jobs collected
2026-07-30 06:06:11,413 [INFO] [15/16] what='Data Analyst' where='Pune' -> 60 jobs collected
2026-07-30 06:06:18,479 [INFO] [16/16] what='Data Analyst' where='Delhi' -> 46 jobs collected
2026-07-30 06:06:18,480 [INFO] RUN SUMMARY: 16 combos run, 0 returned 0 results, 0 failed outright, 880 total jobs collected
2026-07-30 06:06:18,511 [INFO] Raw API response stored successfully at: /home/runner/work/Automated-Job-Market-Intelligence-Pipeline/Automated-Job-Market-Intelligence-Pipeline/data/raw/daily_pull_20260730_060618.json
2026-07-30 06:06:18,511 [INFO] Ingestion run complete
