2026-08-02 06:16:26,952 [INFO] Starting daily ingestion run
2026-08-02 06:16:31,258 [INFO] [1/16] what='SDE' where='Bangalore' -> 60 jobs collected
2026-08-02 06:16:35,432 [INFO] [2/16] what='SDE' where='Hyderabad' -> 60 jobs collected
2026-08-02 06:16:38,477 [INFO] [3/16] what='SDE' where='Pune' page=3 -> no more results, stopping pagination
2026-08-02 06:16:38,477 [INFO] [3/16] what='SDE' where='Pune' -> 39 jobs collected
2026-08-02 06:16:40,088 [INFO] [4/16] what='SDE' where='Delhi' page=2 -> no more results, stopping pagination
2026-08-02 06:16:40,088 [INFO] [4/16] what='SDE' where='Delhi' -> 18 jobs collected
2026-08-02 06:16:43,982 [INFO] [5/16] what='Data Scientist' where='Bangalore' -> 60 jobs collected
2026-08-02 06:16:48,199 [INFO] [6/16] what='Data Scientist' where='Hyderabad' -> 60 jobs collected
2026-08-02 06:16:52,406 [INFO] [7/16] what='Data Scientist' where='Pune' -> 60 jobs collected
2026-08-02 06:16:56,819 [INFO] [8/16] what='Data Scientist' where='Delhi' -> 60 jobs collected
2026-08-02 06:17:00,987 [INFO] [9/16] what='ML Engineer' where='Bangalore' -> 60 jobs collected
2026-08-02 06:17:05,240 [INFO] [10/16] what='ML Engineer' where='Hyderabad' -> 60 jobs collected
2026-08-02 06:17:09,569 [INFO] [11/16] what='ML Engineer' where='Pune' -> 60 jobs collected
2026-08-02 06:17:12,476 [INFO] [12/16] what='ML Engineer' where='Delhi' page=3 -> no more results, stopping pagination
2026-08-02 06:17:12,476 [INFO] [12/16] what='ML Engineer' where='Delhi' -> 33 jobs collected
2026-08-02 06:17:16,587 [INFO] [13/16] what='Data Analyst' where='Bangalore' -> 60 jobs collected
2026-08-02 06:17:20,913 [INFO] [14/16] what='Data Analyst' where='Hyderabad' -> 60 jobs collected
2026-08-02 06:17:25,192 [INFO] [15/16] what='Data Analyst' where='Pune' -> 60 jobs collected
2026-08-02 06:17:29,344 [INFO] [16/16] what='Data Analyst' where='Delhi' -> 43 jobs collected
2026-08-02 06:17:29,344 [INFO] RUN SUMMARY: 16 combos run, 0 returned 0 results, 0 failed outright, 853 total jobs collected
2026-08-02 06:17:29,374 [INFO] Raw API response stored successfully at: /home/runner/work/Automated-Job-Market-Intelligence-Pipeline/Automated-Job-Market-Intelligence-Pipeline/data/raw/daily_pull_20260802_061729.json
2026-08-02 06:17:29,374 [INFO] Ingestion run complete
