2026-08-12 05:11:50,514 [INFO] Starting daily ingestion run
2026-08-12 05:11:54,639 [INFO] [1/16] what='SDE' where='Bangalore' -> 60 jobs collected
2026-08-12 05:11:59,057 [INFO] [2/16] what='SDE' where='Hyderabad' -> 60 jobs collected
2026-08-12 05:12:02,191 [INFO] [3/16] what='SDE' where='Pune' page=3 -> no more results, stopping pagination
2026-08-12 05:12:02,191 [INFO] [3/16] what='SDE' where='Pune' -> 34 jobs collected
2026-08-12 05:12:03,762 [INFO] [4/16] what='SDE' where='Delhi' page=2 -> no more results, stopping pagination
2026-08-12 05:12:03,762 [INFO] [4/16] what='SDE' where='Delhi' -> 17 jobs collected
2026-08-12 05:12:07,746 [INFO] [5/16] what='Data Scientist' where='Bangalore' -> 60 jobs collected
2026-08-12 05:12:12,576 [INFO] [6/16] what='Data Scientist' where='Hyderabad' -> 60 jobs collected
2026-08-12 05:12:17,037 [INFO] [7/16] what='Data Scientist' where='Pune' -> 60 jobs collected
2026-08-12 05:12:21,264 [INFO] [8/16] what='Data Scientist' where='Delhi' -> 60 jobs collected
2026-08-12 05:12:25,684 [INFO] [9/16] what='ML Engineer' where='Bangalore' -> 60 jobs collected
2026-08-12 05:12:29,812 [INFO] [10/16] what='ML Engineer' where='Hyderabad' -> 60 jobs collected
2026-08-12 05:12:34,220 [INFO] [11/16] what='ML Engineer' where='Pune' -> 60 jobs collected
2026-08-12 05:12:36,894 [INFO] [12/16] what='ML Engineer' where='Delhi' page=3 -> no more results, stopping pagination
2026-08-12 05:12:36,895 [INFO] [12/16] what='ML Engineer' where='Delhi' -> 28 jobs collected
2026-08-12 05:12:40,655 [INFO] [13/16] what='Data Analyst' where='Bangalore' -> 60 jobs collected
2026-08-12 05:12:44,606 [INFO] [14/16] what='Data Analyst' where='Hyderabad' -> 60 jobs collected
2026-08-12 05:12:48,993 [INFO] [15/16] what='Data Analyst' where='Pune' -> 60 jobs collected
2026-08-12 05:12:52,996 [INFO] [16/16] what='Data Analyst' where='Delhi' -> 48 jobs collected
2026-08-12 05:12:52,997 [INFO] RUN SUMMARY: 16 combos run, 0 returned 0 results, 0 failed outright, 847 total jobs collected
2026-08-12 05:12:53,027 [INFO] Raw API response stored successfully at: /home/runner/work/Automated-Job-Market-Intelligence-Pipeline/Automated-Job-Market-Intelligence-Pipeline/data/raw/daily_pull_20260812_051252.json
2026-08-12 05:12:53,027 [INFO] Ingestion run complete
