2026-08-16 04:05:36,278 [INFO] Starting daily ingestion run
2026-08-16 04:05:40,561 [INFO] [1/16] what='SDE' where='Bangalore' -> 60 jobs collected
2026-08-16 04:05:44,756 [INFO] [2/16] what='SDE' where='Hyderabad' -> 60 jobs collected
2026-08-16 04:05:47,847 [INFO] [3/16] what='SDE' where='Pune' page=3 -> no more results, stopping pagination
2026-08-16 04:05:47,847 [INFO] [3/16] what='SDE' where='Pune' -> 36 jobs collected
2026-08-16 04:05:49,283 [INFO] [4/16] what='SDE' where='Delhi' page=2 -> no more results, stopping pagination
2026-08-16 04:05:49,284 [INFO] [4/16] what='SDE' where='Delhi' -> 17 jobs collected
2026-08-16 04:05:53,292 [INFO] [5/16] what='Data Scientist' where='Bangalore' -> 60 jobs collected
2026-08-16 04:05:57,602 [INFO] [6/16] what='Data Scientist' where='Hyderabad' -> 60 jobs collected
2026-08-16 04:06:02,357 [INFO] [7/16] what='Data Scientist' where='Pune' -> 60 jobs collected
2026-08-16 04:06:07,412 [INFO] [8/16] what='Data Scientist' where='Delhi' -> 60 jobs collected
2026-08-16 04:06:11,749 [INFO] [9/16] what='ML Engineer' where='Bangalore' -> 60 jobs collected
2026-08-16 04:06:16,095 [INFO] [10/16] what='ML Engineer' where='Hyderabad' -> 60 jobs collected
2026-08-16 04:06:20,530 [INFO] [11/16] what='ML Engineer' where='Pune' -> 60 jobs collected
2026-08-16 04:06:23,359 [INFO] [12/16] what='ML Engineer' where='Delhi' page=3 -> no more results, stopping pagination
2026-08-16 04:06:23,359 [INFO] [12/16] what='ML Engineer' where='Delhi' -> 27 jobs collected
2026-08-16 04:06:27,251 [INFO] [13/16] what='Data Analyst' where='Bangalore' -> 60 jobs collected
2026-08-16 04:06:31,556 [INFO] [14/16] what='Data Analyst' where='Hyderabad' -> 60 jobs collected
2026-08-16 04:06:35,565 [INFO] [15/16] what='Data Analyst' where='Pune' -> 60 jobs collected
2026-08-16 04:06:39,608 [INFO] [16/16] what='Data Analyst' where='Delhi' -> 51 jobs collected
2026-08-16 04:06:39,609 [INFO] RUN SUMMARY: 16 combos run, 0 returned 0 results, 0 failed outright, 851 total jobs collected
2026-08-16 04:06:39,641 [INFO] Raw API response stored successfully at: /home/runner/work/Automated-Job-Market-Intelligence-Pipeline/Automated-Job-Market-Intelligence-Pipeline/data/raw/daily_pull_20260816_040639.json
2026-08-16 04:06:39,641 [INFO] Ingestion run complete
