2026-08-11 04:46:55,850 [INFO] Starting daily ingestion run
2026-08-11 04:47:00,940 [INFO] [1/16] what='SDE' where='Bangalore' -> 60 jobs collected
2026-08-11 04:47:06,221 [INFO] [2/16] what='SDE' where='Hyderabad' -> 60 jobs collected
2026-08-11 04:47:09,939 [INFO] [3/16] what='SDE' where='Pune' page=3 -> no more results, stopping pagination
2026-08-11 04:47:09,939 [INFO] [3/16] what='SDE' where='Pune' -> 33 jobs collected
2026-08-11 04:47:11,921 [INFO] [4/16] what='SDE' where='Delhi' page=2 -> no more results, stopping pagination
2026-08-11 04:47:11,921 [INFO] [4/16] what='SDE' where='Delhi' -> 17 jobs collected
2026-08-11 04:47:16,646 [INFO] [5/16] what='Data Scientist' where='Bangalore' -> 60 jobs collected
2026-08-11 04:47:21,813 [INFO] [6/16] what='Data Scientist' where='Hyderabad' -> 60 jobs collected
2026-08-11 04:47:26,698 [INFO] [7/16] what='Data Scientist' where='Pune' -> 60 jobs collected
2026-08-11 04:47:31,718 [INFO] [8/16] what='Data Scientist' where='Delhi' -> 60 jobs collected
2026-08-11 04:47:36,597 [INFO] [9/16] what='ML Engineer' where='Bangalore' -> 60 jobs collected
2026-08-11 04:47:41,665 [INFO] [10/16] what='ML Engineer' where='Hyderabad' -> 60 jobs collected
2026-08-11 04:47:46,564 [INFO] [11/16] what='ML Engineer' where='Pune' -> 60 jobs collected
2026-08-11 04:47:49,959 [INFO] [12/16] what='ML Engineer' where='Delhi' page=3 -> no more results, stopping pagination
2026-08-11 04:47:49,959 [INFO] [12/16] what='ML Engineer' where='Delhi' -> 30 jobs collected
2026-08-11 04:47:54,572 [INFO] [13/16] what='Data Analyst' where='Bangalore' -> 60 jobs collected
2026-08-11 04:47:59,584 [INFO] [14/16] what='Data Analyst' where='Hyderabad' -> 60 jobs collected
2026-08-11 04:48:04,576 [INFO] [15/16] what='Data Analyst' where='Pune' -> 60 jobs collected
2026-08-11 04:48:09,293 [INFO] [16/16] what='Data Analyst' where='Delhi' -> 49 jobs collected
2026-08-11 04:48:09,294 [INFO] RUN SUMMARY: 16 combos run, 0 returned 0 results, 0 failed outright, 849 total jobs collected
2026-08-11 04:48:09,323 [INFO] Raw API response stored successfully at: /home/runner/work/Automated-Job-Market-Intelligence-Pipeline/Automated-Job-Market-Intelligence-Pipeline/data/raw/daily_pull_20260811_044809.json
2026-08-11 04:48:09,323 [INFO] Ingestion run complete
