2026-08-04 06:08:22,211 [INFO] Starting daily ingestion run
2026-08-04 06:08:26,949 [INFO] [1/16] what='SDE' where='Bangalore' -> 60 jobs collected
2026-08-04 06:08:31,314 [INFO] [2/16] what='SDE' where='Hyderabad' -> 60 jobs collected
2026-08-04 06:08:34,393 [INFO] [3/16] what='SDE' where='Pune' page=3 -> no more results, stopping pagination
2026-08-04 06:08:34,393 [INFO] [3/16] what='SDE' where='Pune' -> 39 jobs collected
2026-08-04 06:08:35,830 [INFO] [4/16] what='SDE' where='Delhi' page=2 -> no more results, stopping pagination
2026-08-04 06:08:35,830 [INFO] [4/16] what='SDE' where='Delhi' -> 18 jobs collected
2026-08-04 06:08:39,812 [INFO] [5/16] what='Data Scientist' where='Bangalore' -> 60 jobs collected
2026-08-04 06:08:44,166 [INFO] [6/16] what='Data Scientist' where='Hyderabad' -> 60 jobs collected
2026-08-04 06:08:48,563 [INFO] [7/16] what='Data Scientist' where='Pune' -> 60 jobs collected
2026-08-04 06:08:53,185 [INFO] [8/16] what='Data Scientist' where='Delhi' -> 60 jobs collected
2026-08-04 06:08:57,401 [INFO] [9/16] what='ML Engineer' where='Bangalore' -> 60 jobs collected
2026-08-04 06:09:01,589 [INFO] [10/16] what='ML Engineer' where='Hyderabad' -> 60 jobs collected
2026-08-04 06:09:06,609 [INFO] [11/16] what='ML Engineer' where='Pune' -> 60 jobs collected
2026-08-04 06:09:09,554 [INFO] [12/16] what='ML Engineer' where='Delhi' page=3 -> no more results, stopping pagination
2026-08-04 06:09:09,554 [INFO] [12/16] what='ML Engineer' where='Delhi' -> 31 jobs collected
2026-08-04 06:09:13,804 [INFO] [13/16] what='Data Analyst' where='Bangalore' -> 60 jobs collected
2026-08-04 06:09:18,364 [INFO] [14/16] what='Data Analyst' where='Hyderabad' -> 60 jobs collected
2026-08-04 06:09:22,752 [INFO] [15/16] what='Data Analyst' where='Pune' -> 60 jobs collected
2026-08-04 06:09:26,936 [INFO] [16/16] what='Data Analyst' where='Delhi' -> 47 jobs collected
2026-08-04 06:09:26,937 [INFO] RUN SUMMARY: 16 combos run, 0 returned 0 results, 0 failed outright, 855 total jobs collected
2026-08-04 06:09:26,966 [INFO] Raw API response stored successfully at: /home/runner/work/Automated-Job-Market-Intelligence-Pipeline/Automated-Job-Market-Intelligence-Pipeline/data/raw/daily_pull_20260804_060926.json
2026-08-04 06:09:26,966 [INFO] Ingestion run complete
