2026-08-09 04:42:17,295 [INFO] Starting daily ingestion run
2026-08-09 04:42:21,993 [INFO] [1/16] what='SDE' where='Bangalore' -> 60 jobs collected
2026-08-09 04:42:26,636 [INFO] [2/16] what='SDE' where='Hyderabad' -> 60 jobs collected
2026-08-09 04:42:31,002 [INFO] [3/16] what='SDE' where='Pune' -> 42 jobs collected
2026-08-09 04:42:32,898 [INFO] [4/16] what='SDE' where='Delhi' page=2 -> no more results, stopping pagination
2026-08-09 04:42:32,898 [INFO] [4/16] what='SDE' where='Delhi' -> 17 jobs collected
2026-08-09 04:42:37,213 [INFO] [5/16] what='Data Scientist' where='Bangalore' -> 60 jobs collected
2026-08-09 04:42:41,674 [INFO] [6/16] what='Data Scientist' where='Hyderabad' -> 60 jobs collected
2026-08-09 04:42:46,280 [INFO] [7/16] what='Data Scientist' where='Pune' -> 60 jobs collected
2026-08-09 04:42:50,832 [INFO] [8/16] what='Data Scientist' where='Delhi' -> 60 jobs collected
2026-08-09 04:42:55,369 [INFO] [9/16] what='ML Engineer' where='Bangalore' -> 60 jobs collected
2026-08-09 04:42:59,841 [INFO] [10/16] what='ML Engineer' where='Hyderabad' -> 60 jobs collected
2026-08-09 04:43:05,084 [INFO] [11/16] what='ML Engineer' where='Pune' -> 60 jobs collected
2026-08-09 04:43:08,354 [INFO] [12/16] what='ML Engineer' where='Delhi' page=3 -> no more results, stopping pagination
2026-08-09 04:43:08,354 [INFO] [12/16] what='ML Engineer' where='Delhi' -> 28 jobs collected
2026-08-09 04:43:13,497 [INFO] [13/16] what='Data Analyst' where='Bangalore' -> 60 jobs collected
2026-08-09 04:43:18,592 [INFO] [14/16] what='Data Analyst' where='Hyderabad' -> 60 jobs collected
2026-08-09 04:43:24,049 [INFO] [15/16] what='Data Analyst' where='Pune' -> 60 jobs collected
2026-08-09 04:43:28,492 [INFO] [16/16] what='Data Analyst' where='Delhi' -> 46 jobs collected
2026-08-09 04:43:28,493 [INFO] RUN SUMMARY: 16 combos run, 0 returned 0 results, 0 failed outright, 853 total jobs collected
2026-08-09 04:43:28,521 [INFO] Raw API response stored successfully at: /home/runner/work/Automated-Job-Market-Intelligence-Pipeline/Automated-Job-Market-Intelligence-Pipeline/data/raw/daily_pull_20260809_044328.json
2026-08-09 04:43:28,521 [INFO] Ingestion run complete
