2026-07-29 06:12:07,278 [INFO] Starting daily ingestion run
2026-07-29 06:12:12,586 [INFO] [1/16] what='SDE' where='Bangalore' -> 60 jobs collected
2026-07-29 06:12:17,580 [INFO] [2/16] what='SDE' where='Hyderabad' -> 60 jobs collected
2026-07-29 06:12:22,253 [INFO] [3/16] what='SDE' where='Pune' -> 42 jobs collected
2026-07-29 06:12:24,211 [INFO] [4/16] what='SDE' where='Delhi' page=2 -> no more results, stopping pagination
2026-07-29 06:12:24,211 [INFO] [4/16] what='SDE' where='Delhi' -> 18 jobs collected
2026-07-29 06:12:28,804 [INFO] [5/16] what='Data Scientist' where='Bangalore' -> 60 jobs collected
2026-07-29 06:12:33,923 [INFO] [6/16] what='Data Scientist' where='Hyderabad' -> 60 jobs collected
2026-07-29 06:12:38,923 [INFO] [7/16] what='Data Scientist' where='Pune' -> 60 jobs collected
2026-07-29 06:12:43,795 [INFO] [8/16] what='Data Scientist' where='Delhi' -> 60 jobs collected
2026-07-29 06:12:48,571 [INFO] [9/16] what='ML Engineer' where='Bangalore' -> 60 jobs collected
2026-07-29 06:12:53,439 [INFO] [10/16] what='ML Engineer' where='Hyderabad' -> 60 jobs collected
2026-07-29 06:12:58,379 [INFO] [11/16] what='ML Engineer' where='Pune' -> 60 jobs collected
2026-07-29 06:13:03,855 [INFO] [12/16] what='ML Engineer' where='Delhi' -> 55 jobs collected
2026-07-29 06:13:08,505 [INFO] [13/16] what='Data Analyst' where='Bangalore' -> 60 jobs collected
2026-07-29 06:13:13,389 [INFO] [14/16] what='Data Analyst' where='Hyderabad' -> 60 jobs collected
2026-07-29 06:13:18,220 [INFO] [15/16] what='Data Analyst' where='Pune' -> 60 jobs collected
2026-07-29 06:13:22,974 [INFO] [16/16] what='Data Analyst' where='Delhi' -> 48 jobs collected
2026-07-29 06:13:22,975 [INFO] RUN SUMMARY: 16 combos run, 0 returned 0 results, 0 failed outright, 883 total jobs collected
2026-07-29 06:13:23,004 [INFO] Raw API response stored successfully at: /home/runner/work/Automated-Job-Market-Intelligence-Pipeline/Automated-Job-Market-Intelligence-Pipeline/data/raw/daily_pull_20260729_061322.json
2026-07-29 06:13:23,004 [INFO] Ingestion run complete
