2026-08-19 04:05:00,916 [INFO] Starting daily ingestion run
2026-08-19 04:05:07,687 [INFO] [1/16] what='SDE' where='Bangalore' -> 60 jobs collected
2026-08-19 04:05:14,572 [INFO] [2/16] what='SDE' where='Hyderabad' -> 60 jobs collected
2026-08-19 04:05:19,191 [INFO] [3/16] what='SDE' where='Pune' page=3 -> no more results, stopping pagination
2026-08-19 04:05:19,191 [INFO] [3/16] what='SDE' where='Pune' -> 33 jobs collected
2026-08-19 04:05:21,535 [INFO] [4/16] what='SDE' where='Delhi' page=2 -> no more results, stopping pagination
2026-08-19 04:05:21,535 [INFO] [4/16] what='SDE' where='Delhi' -> 17 jobs collected
2026-08-19 04:05:28,145 [INFO] [5/16] what='Data Scientist' where='Bangalore' -> 60 jobs collected
2026-08-19 04:05:34,442 [INFO] [6/16] what='Data Scientist' where='Hyderabad' -> 60 jobs collected
2026-08-19 04:05:40,614 [INFO] [7/16] what='Data Scientist' where='Pune' -> 60 jobs collected
2026-08-19 04:05:46,303 [INFO] [8/16] what='Data Scientist' where='Delhi' -> 60 jobs collected
2026-08-19 04:05:51,424 [INFO] [9/16] what='ML Engineer' where='Bangalore' -> 60 jobs collected
2026-08-19 04:05:57,206 [INFO] [10/16] what='ML Engineer' where='Hyderabad' -> 60 jobs collected
2026-08-19 04:06:02,902 [INFO] [11/16] what='ML Engineer' where='Pune' -> 60 jobs collected
2026-08-19 04:06:06,709 [INFO] [12/16] what='ML Engineer' where='Delhi' page=3 -> no more results, stopping pagination
2026-08-19 04:06:06,709 [INFO] [12/16] what='ML Engineer' where='Delhi' -> 28 jobs collected
2026-08-19 04:06:11,323 [INFO] [13/16] what='Data Analyst' where='Bangalore' -> 60 jobs collected
2026-08-19 04:06:15,868 [INFO] [14/16] what='Data Analyst' where='Hyderabad' -> 60 jobs collected
2026-08-19 04:06:21,454 [INFO] [15/16] what='Data Analyst' where='Pune' -> 60 jobs collected
2026-08-19 04:06:25,556 [INFO] [16/16] what='Data Analyst' where='Delhi' -> 52 jobs collected
2026-08-19 04:06:25,556 [INFO] RUN SUMMARY: 16 combos run, 0 returned 0 results, 0 failed outright, 850 total jobs collected
2026-08-19 04:06:25,586 [INFO] Raw API response stored successfully at: /home/runner/work/Automated-Job-Market-Intelligence-Pipeline/Automated-Job-Market-Intelligence-Pipeline/data/raw/daily_pull_20260819_040625.json
2026-08-19 04:06:25,586 [INFO] Ingestion run complete
